> Task :app:preBuild UP-TO-DATE
> Task :app:preDebugBuild UP-TO-DATE
> Task :app:mergeDebugNativeDebugMetadata NO-SOURCE
> Task :app:checkKotlinGradlePluginConfigurationErrors SKIPPED
> Task :app:generateDebugBuildConfig UP-TO-DATE
> Task :app:checkDebugAarMetadata UP-TO-DATE
> Task :app:processDebugNavigationResources UP-TO-DATE
> Task :app:compileDebugNavigationResources UP-TO-DATE
> Task :app:generateDebugResValues UP-TO-DATE
> Task :app:mapDebugSourceSetPaths UP-TO-DATE
> Task :app:generateDebugResources UP-TO-DATE
> Task :app:mergeDebugResources UP-TO-DATE
> Task :app:packageDebugResources UP-TO-DATE
> Task :app:parseDebugLocalResources UP-TO-DATE
> Task :app:createDebugCompatibleScreenManifests UP-TO-DATE
> Task :app:extractDeepLinksDebug UP-TO-DATE
> Task :app:processDebugMainManifest UP-TO-DATE
> Task :app:processDebugManifest UP-TO-DATE
> Task :app:processDebugManifestForPackage UP-TO-DATE
> Task :app:processDebugResources UP-TO-DATE
> Task :app:javaPreCompileDebug UP-TO-DATE
> Task :app:mergeDebugShaders UP-TO-DATE
> Task :app:compileDebugShaders NO-SOURCE
> Task :app:generateDebugAssets UP-TO-DATE
> Task :app:mergeDebugAssets UP-TO-DATE
> Task :app:compressDebugAssets UP-TO-DATE
> Task :app:desugarDebugFileDependencies UP-TO-DATE
> Task :app:checkDebugDuplicateClasses UP-TO-DATE
> Task :app:mergeExtDexDebug UP-TO-DATE
> Task :app:mergeLibDexDebug UP-TO-DATE
> Task :app:mergeDebugJniLibFolders UP-TO-DATE
> Task :app:mergeDebugNativeLibs UP-TO-DATE
> Task :app:stripDebugDebugSymbols UP-TO-DATE
> Task :app:validateSigningDebug UP-TO-DATE
> Task :app:writeDebugAppMetadata UP-TO-DATE
> Task :app:writeDebugSigningConfigVersions UP-TO-DATE
> Task :app:kspDebugKotlin

> Task :app:compileDebugKotlin
w: file:///E:/EvoDart/Android/Nothing%20Dialer/app/src/main/java/com/evodart/glyphdial/InCallActivity.kt:52:40 'static field FLAG_DISMISS_KEYGUARD: Int' is deprecated. Deprecated in Java.
w: file:///E:/EvoDart/Android/Nothing%20Dialer/app/src/main/java/com/evodart/glyphdial/InCallActivity.kt:53:40 'static field FLAG_SHOW_WHEN_LOCKED: Int' is deprecated. Deprecated in Java.
w: file:///E:/EvoDart/Android/Nothing%20Dialer/app/src/main/java/com/evodart/glyphdial/InCallActivity.kt:54:40 'static field FLAG_TURN_SCREEN_ON: Int' is deprecated. Deprecated in Java.
w: file:///E:/EvoDart/Android/Nothing%20Dialer/app/src/main/java/com/evodart/glyphdial/MainActivity.kt:85:44 'fun <reified VM : ViewModel> hiltViewModel(viewModelStoreOwner: ViewModelStoreOwner = ..., key: String? = ...): VM' is deprecated. Moved to package: androidx.hilt.lifecycle.viewmodel.compose.
w: file:///E:/EvoDart/Android/Nothing%20Dialer/app/src/main/java/com/evodart/glyphdial/MainActivity.kt:86:42 'fun <reified VM : ViewModel> hiltViewModel(viewModelStoreOwner: ViewModelStoreOwner = ..., key: String? = ...): VM' is deprecated. Moved to package: androidx.hilt.lifecycle.viewmodel.compose.
w: file:///E:/EvoDart/Android/Nothing%20Dialer/app/src/main/java/com/evodart/glyphdial/MainActivity.kt:87:40 'fun <reified VM : ViewModel> hiltViewModel(viewModelStoreOwner: ViewModelStoreOwner = ..., key: String? = ...): VM' is deprecated. Moved to package: androidx.hilt.lifecycle.viewmodel.compose.
w: file:///E:/EvoDart/Android/Nothing%20Dialer/app/src/main/java/com/evodart/glyphdial/MainActivity.kt:88:44 'fun <reified VM : ViewModel> hiltViewModel(viewModelStoreOwner: ViewModelStoreOwner = ..., key: String? = ...): VM' is deprecated. Moved to package: androidx.hilt.lifecycle.viewmodel.compose.
w: file:///E:/EvoDart/Android/Nothing%20Dialer/app/src/main/java/com/evodart/glyphdial/data/repository/CallLogRepository.kt:25:5 This annotation is currently applied to the value parameter only, but in the future it will also be applied to field.
- To opt in to applying to both value parameter and field, add '-Xannotation-default-target=param-property' to your compiler arguments.
- To keep applying to the value parameter only, use the '@param:' annotation target.

See https://youtrack.jetbrains.com/issue/KT-73255 for more details.
w: file:///E:/EvoDart/Android/Nothing%20Dialer/app/src/main/java/com/evodart/glyphdial/data/repository/ContactRepository.kt:26:5 This annotation is currently applied to the value parameter only, but in the future it will also be applied to field.
- To opt in to applying to both value parameter and field, add '-Xannotation-default-target=param-property' to your compiler arguments.
- To keep applying to the value parameter only, use the '@param:' annotation target.

See https://youtrack.jetbrains.com/issue/KT-73255 for more details.
w: file:///E:/EvoDart/Android/Nothing%20Dialer/app/src/main/java/com/evodart/glyphdial/data/settings/SettingsDataStore.kt:24:5 This annotation is currently applied to the value parameter only, but in the future it will also be applied to field.
- To opt in to applying to both value parameter and field, add '-Xannotation-default-target=param-property' to your compiler arguments.
- To keep applying to the value parameter only, use the '@param:' annotation target.

See https://youtrack.jetbrains.com/issue/KT-73255 for more details.
w: file:///E:/EvoDart/Android/Nothing%20Dialer/app/src/main/java/com/evodart/glyphdial/service/GlyphDialCallService.kt:87:30 'fun setAudioRoute(p0: Int): Unit' is deprecated. Deprecated in Java.
w: file:///E:/EvoDart/Android/Nothing%20Dialer/app/src/main/java/com/evodart/glyphdial/service/GlyphDialCallService.kt:130:46 'val state: Int' is deprecated. Deprecated in Java.
w: file:///E:/EvoDart/Android/Nothing%20Dialer/app/src/main/java/com/evodart/glyphdial/service/GlyphDialCallService.kt:153:18 This declaration overrides a deprecated member but is not marked as deprecated itself. Add the '@Deprecated' annotation or suppress the diagnostic.
w: file:///E:/EvoDart/Android/Nothing%20Dialer/app/src/main/java/com/evodart/glyphdial/service/GlyphDialCallService.kt:154:15 'fun onCallAudioStateChanged(p0: CallAudioState!): Unit' is deprecated. Deprecated in Java.
w: file:///E:/EvoDart/Android/Nothing%20Dialer/app/src/main/java/com/evodart/glyphdial/service/GlyphDialCallService.kt:208:30 'val state: Int' is deprecated. Deprecated in Java.
w: file:///E:/EvoDart/Android/Nothing%20Dialer/app/src/main/java/com/evodart/glyphdial/service/GlyphDialCallService.kt:209:30 'val state: Int' is deprecated. Deprecated in Java.
w: file:///E:/EvoDart/Android/Nothing%20Dialer/app/src/main/java/com/evodart/glyphdial/service/GlyphDialCallService.kt:209:66 'val state: Int' is deprecated. Deprecated in Java.
w: file:///E:/EvoDart/Android/Nothing%20Dialer/app/src/main/java/com/evodart/glyphdial/ui/screens/call/CallScreens.kt:429:52 'val Icons.Filled.VolumeUp: ImageVector' is deprecated. Use the AutoMirrored version at Icons.AutoMirrored.Filled.VolumeUp.
w: file:///E:/EvoDart/Android/Nothing%20Dialer/app/src/main/java/com/evodart/glyphdial/ui/screens/call/CallScreens.kt:429:79 'val Icons.Filled.VolumeDown: ImageVector' is deprecated. Use the AutoMirrored version at Icons.AutoMirrored.Filled.VolumeDown.
w: file:///E:/EvoDart/Android/Nothing%20Dialer/app/src/main/java/com/evodart/glyphdial/ui/theme/Theme.kt:110:20 'var statusBarColor: Int' is deprecated. Deprecated in Java.
w: file:///E:/EvoDart/Android/Nothing%20Dialer/app/src/main/java/com/evodart/glyphdial/ui/theme/Theme.kt:111:20 'var navigationBarColor: Int' is deprecated. Deprecated in Java.

> Task :app:compileDebugJavaWithJavac
> Task :app:hiltAggregateDepsDebug
> Task :app:hiltJavaCompileDebug
> Task :app:processDebugJavaRes
> Task :app:transformDebugClassesWithAsm
> Task :app:mergeDebugJavaResource
> Task :app:dexBuilderDebug
> Task :app:mergeDebugGlobalSynthetics
> Task :app:mergeProjectDexDebug
> Task :app:packageDebug
> Task :app:createDebugApkListingFileRedirect
> Task :app:assembleDebug

BUILD SUCCESSFUL in 41s
43 actionable tasks: 13 executed, 30 up-to-date
